// Vitest Snapshot v1, https://vitest.dev/guide/snapshot.html

exports[`check on fixtures > words every finding the same way 1`] = `
"async.ts:16:22 awaitedSilently can throw NetworkError from fetchText() without a @throws for it (undocumented)
async.ts:33:59 returned can throw NetworkError from fetchText() without a @throws for it (undocumented)
async.ts:36:10 returnedFromAsync can throw NetworkError from fetchText() without a @throws for it (undocumented)
async.ts:41:5 asyncThrow can throw ParseError without a @throws for it (undocumented)
async.ts:50:7 executor can throw ParseError from reject() without a @throws for it (undocumented)
async.ts:54:7 executor can throw NetworkError without a @throws for it (undocumented)
async.ts:61:3 chained can throw NetworkError from fetchText() without a @throws for it (undocumented)
async.ts:69:5 handlerThrows can throw ParseError without a @throws for it (undocumented)
builtins.ts:4:57 parseSilently can throw SyntaxError from JSON.parse() without a @throws for it (undocumented)
builtins.ts:12:63 textToBigIntSilently can throw SyntaxError from BigInt() without a @throws for it (undocumented)
builtins.ts:14:66 numberToBigIntSilently can throw RangeError from BigInt() without a @throws for it (undocumented)
builtins.ts:16:64 openToBigIntSilently can throw SyntaxError from BigInt() without a @throws for it (undocumented)
builtins.ts:16:64 openToBigIntSilently can throw RangeError from BigInt() without a @throws for it (undocumented)
builtins.ts:16:64 openToBigIntSilently can throw TypeError from BigInt() without a @throws for it (undocumented)
builtins.ts:24:44 unsafeLiteral can throw RangeError from BigInt() without a @throws for it (undocumented)
builtins.ts:38:68 bigJson can throw TypeError from JSON.stringify() without a @throws for it (undocumented)
builtins.ts:40:53 openJson can throw TypeError from JSON.stringify() without a @throws for it (undocumented)
builtins.ts:43:3 recordJson can throw TypeError from JSON.stringify() without a @throws for it (undocumented)
builtins.ts:53:53 customJson can throw TypeError from JSON.stringify() without a @throws for it (undocumented)
builtins.ts:58:52 pattern can throw SyntaxError from new RegExp() without a @throws for it (undocumented)
builtins.ts:65:70 normalizeWith can throw RangeError from text.normalize() without a @throws for it (undocumented)
builtins.ts:68:20 repeated can throw RangeError from text.repeat() without a @throws for it (undocumented)
builtins.ts:72:69 fixedWith can throw RangeError from value.toFixed() without a @throws for it (undocumented)
builtins.ts:77:55 dateSilently can throw RangeError from new Temporal.PlainDate() without a @throws for it (undocumented)
builtins.ts:77:55 dateSilently can throw TypeError from new Temporal.PlainDate() without a @throws for it (undocumented)
callbacks.ts:17:23 mappedSilently can throw ParseError from parse() without a @throws for it (undocumented)
callbacks.ts:19:87 byReference can throw ParseError from parse() without a @throws for it (undocumented)
callbacks.ts:23:5 forEach can throw ParseError from parse() without a @throws for it (undocumented)
callbacks.ts:28:31 sorted can throw ParseError from parse() without a @throws for it (undocumented)
callbacks.ts:28:45 sorted can throw ParseError from parse() without a @throws for it (undocumented)
callbacks.ts:30:85 fromMapper can throw ParseError from parse() without a @throws for it (undocumented)
callbacks.ts:33:41 replaced can throw ParseError from parse() without a @throws for it (undocumented)
callbacks.ts:37:3 reviver can throw SyntaxError from JSON.parse() without a @throws for it (undocumented)
callbacks.ts:39:7 reviver can throw ParseError without a @throws for it (undocumented)
callbacks.ts:63:30 syncEither can throw ParseError from parse() without a @throws for it (undocumented)
callbacks.ts:78:56 throughRethrows can throw ParseError from parse() without a @throws for it (undocumented)
calls.ts:15:55 silentCaller can throw ParseError from parse() without a @throws for it (undocumented)
calls.ts:18:3 optional can throw ParseError from target?.parse() without a @throws for it (undocumented)
calls.ts:46:48 viaImplementation can throw ParseError from plain() without a @throws for it (undocumented)
calls.ts:55:52 readAll can throw ParseError from reader.decode() without a @throws for it (undocumented)
calls.ts:55:66 readAll can throw NetworkError from reader.read() without a @throws for it (undocumented)
calls.ts:78:7 Rectangle constructor can throw NetworkError without a @throws for it (undocumented)
calls.ts:85:44 buildRectangle can throw RangeError from new Rectangle() without a @throws for it (undocumented)
calls.ts:87:39 buildCube can throw RangeError from new Cube() without a @throws for it (undocumented)
calls.ts:89:35 build can throw RangeError from new Square() without a @throws for it (undocumented)
calls.ts:94:37 tagged can throw ParseError from tag() without a @throws for it (undocumented)
calls.ts:119:3 write can throw RangeError from set celsius without a @throws for it (undocumented)
calls.ts:122:59 read can throw NetworkError from get celsius without a @throws for it (undocumented)
calls.ts:125:3 update can throw NetworkError from get celsius without a @throws for it (undocumented)
calls.ts:125:3 update can throw RangeError from set celsius without a @throws for it (undocumented)
contracts.ts:20:7 LeakyParser.parse documents a @throws for NetworkError, which Parser.parse does not allow (contract)
contracts.ts:43:7 InheritingLeak.parse can throw NetworkError without a @throws for it (undocumented)
contracts.ts:56:7 FileSource.read documents a @throws for RangeError, which Source.read does not allow (contract)
contracts.ts:67:7 Loud.run documents a @throws for ParseError, which Quiet.run does not allow (contract)
contracts.ts:78:5 Fields.handler can throw RangeError without a @throws for it (undocumented)
contracts.ts:83:28 SilentFields constructor can throw ParseError from parseLength() without a @throws for it (undocumented)
contracts.ts:87:28 WithConstructor constructor can throw ParseError from parseLength() without a @throws for it (undocumented)
contracts.ts:97:36 LeakyChild constructor can throw SyntaxError from JSON.parse() without a @throws for it (undocumented)
contracts.ts:126:5 parse can throw NetworkError without a @throws for it (undocumented)
direct.ts:14:5 undocumented can throw ParseError without a @throws for it (undocumented)
direct.ts:42:5 subtype documents a @throws for StrictParseError, which it never throws (unused)
direct.ts:45:5 subtype can throw ParseError without a @throws for it (undocumented)
direct.ts:54:4 sameShape documents a @throws for TypeError, which it never throws (unused)
direct.ts:58:5 sameShape can throw RangeError without a @throws for it (undocumented)
direct.ts:67:4 neverThrows documents a @throws for ParseError, which it never throws (unused)
direct.ts:76:4 halfUnion documents a @throws for NetworkError, which it never throws (unused)
direct.ts:92:3 conditional can throw ParseError without a @throws for it (undocumented)
direct.ts:92:3 conditional can throw NetworkError without a @throws for it (undocumented)
direct.ts:110:7 Box.make can throw RangeError without a @throws for it (undocumented)
direct.ts:113:12 Box.make can throw RangeError from new Box() without a @throws for it (undocumented)
direct.ts:119:5 inner can throw ParseError without a @throws for it (undocumented)
factories.ts:30:3 anonymous function can throw ParseError without a @throws for it (undocumented)
factories.ts:33:5 ownDocs documents a @throws for ParseError, which it never throws (unused)
generators.ts:16:5 silent can throw ParseError without a @throws for it (undocumented)
generators.ts:22:52 count can throw ParseError from lines() without a @throws for it (undocumented)
ignore.ts:12:3 @throws-ignore needs a reason (ignore-reason)
ignore.ts:12:26 withoutReason can throw SyntaxError from JSON.parse() without a @throws for it (undocumented)
ignore.ts:37:3 reflectedSilently can throw ParseError from a // @throws comment without a @throws for it (undocumented)
tag-forms.ts:24:4 @throws on untyped names no type (malformed)
tag-forms.ts:28:5 untyped can throw ParseError without a @throws for it (undocumented)
tag-forms.ts:37:4 @throws on missing names MissingError, which is not a type in scope (malformed)
tag-forms.ts:41:5 missing can throw ParseError without a @throws for it (undocumented)
tag-forms.ts:64:4 linkedLabel documents a @throws for NetworkError, which it never throws (unused)
tag-forms.ts:74:5 @throws on linkedMissing names MissingError, which is not a type in scope (malformed)
tag-forms.ts:88:55 linkedCaller can throw NetworkError from linkedLabel() without a @throws for it (undocumented)
tag-forms.ts:90:63 linkedCallerSilently can throw ParseError from linkedUnion() without a @throws for it (undocumented)
tag-forms.ts:90:63 linkedCallerSilently can throw NetworkError from linkedUnion() without a @throws for it (undocumented)
try-catch.ts:65:12 rethrowAll can throw ParseError from load() without a @throws for it (undocumented)
try-catch.ts:65:12 rethrowAll can throw NetworkError from load() without a @throws for it (undocumented)
try-catch.ts:110:5 wrapSilently can throw TypeError without a @throws for it (undocumented)
try-catch.ts:118:5 finallyThrows can throw ParseError from load() without a @throws for it (undocumented)
try-catch.ts:118:5 finallyThrows can throw NetworkError from load() without a @throws for it (undocumented)
try-catch.ts:167:10 outsideOfTry can throw ParseError from load() without a @throws for it (undocumented)
try-catch.ts:167:10 outsideOfTry can throw NetworkError from load() without a @throws for it (undocumented)"
`;

exports[`options > reports what it cannot follow when asked to 1`] = `
"unresolved.ts:5:40 cannot resolve what this call throws (unresolved)
unresolved.ts:8:3 cannot tell the type of this throw (unresolved)
unresolved.ts:21:9 this callback throws ParseError, but later is not known to call it synchronously (unresolved)"
`;
